../Core/Src/main.c:172:6:OLED_I2C_Init	16	static
../Core/Src/main.c:178:6:OLED_I2C_Ispis	32	static
../Core/Src/main.c:185:6:OLED_I2C_IspisVisestruko	296	static
../Core/Src/main.c:194:6:OLED_AzurirajZaslon	16	static
../Core/Src/main.c:206:6:OLED_Popuni	16	static
../Core/Src/main.c:214:9:OLED_Init	16	static
../Core/Src/main.c:296:6:OLED_XY	16	static
../Core/Src/main.c:301:6:OLED_Piksel	16	static
../Core/Src/main.c:321:6:OLED_Character	32	static
../Core/Src/main.c:351:6:OLED_String	24	static
../Core/Src/main.c:395:6:HAL_TIM_IC_CaptureCallback	16	static
../Core/Src/main.c:430:6:HCSR04	8	static
../Core/Src/main.c:444:5:main	8	static
../Core/Src/main.c:542:6:SystemClock_Config	88	static
../Core/Src/main.c:587:6:Error_Handler	4	static,ignoring_inline_asm
